  Determining projects to restore...
  All projects are up-to-date for restore.
  App.AutoCadScripts.Core -> C:\Users\szant\Documents\Development\Cabinet_bilder_scripts\App.AutoCadScripts.Core\bin\Debug\net10.0\App.AutoCadScripts.Core.dll
  App.AutoCadScripts -> C:\Users\szant\Documents\Development\Cabinet_bilder_scripts\App.AutoCadScripts\bin\Debug\net10.0\App.AutoCadScripts.dll
C:\Users\szant\Documents\Development\Cabinet_bilder_scripts\App.AutoCadScripts.Tests\Application\CreateFrontMatterFromBlockUseCaseTests.cs(2,7): error CS0246: The type or namespace name 'Autodesk' could not be found (are you missing a using directive or an assembly reference?) [C:\Users\szant\Documents\Development\Cabinet_bilder_scripts\App.AutoCadScripts.Tests\App.AutoCadScripts.Tests.csproj]
C:\Users\szant\Documents\Development\Cabinet_bilder_scripts\App.AutoCadScripts.Tests\Application\CreateFrontMatterFromBlockUseCaseTests.cs(3,7): error CS0246: The type or namespace name 'Autodesk' could not be found (are you missing a using directive or an assembly reference?) [C:\Users\szant\Documents\Development\Cabinet_bilder_scripts\App.AutoCadScripts.Tests\App.AutoCadScripts.Tests.csproj]
C:\Users\szant\Documents\Development\Cabinet_bilder_scripts\App.AutoCadScripts.Tests\Application\CreateFrontMatterFromBlockUseCaseTests.cs(9,2): error CS0246: The type or namespace name 'TestClassAttribute' could not be found (are you missing a using directive or an assembly reference?) [C:\Users\szant\Documents\Development\Cabinet_bilder_scripts\App.AutoCadScripts.Tests\App.AutoCadScripts.Tests.csproj]
C:\Users\szant\Documents\Development\Cabinet_bilder_scripts\App.AutoCadScripts.Tests\Application\CreateFrontMatterFromBlockUseCaseTests.cs(9,2): error CS0246: The type or namespace name 'TestClass' could not be found (are you missing a using directive or an assembly reference?) [C:\Users\szant\Documents\Development\Cabinet_bilder_scripts\App.AutoCadScripts.Tests\App.AutoCadScripts.Tests.csproj]
C:\Users\szant\Documents\Development\Cabinet_bilder_scripts\App.AutoCadScripts.Tests\Application\CreateFrontMatterFromBlockUseCaseTests.cs(12,6): error CS0246: The type or namespace name 'TestMethodAttribute' could not be found (are you missing a using directive or an assembly reference?) [C:\Users\szant\Documents\Development\Cabinet_bilder_scripts\App.AutoCadScripts.Tests\App.AutoCadScripts.Tests.csproj]
C:\Users\szant\Documents\Development\Cabinet_bilder_scripts\App.AutoCadScripts.Tests\Application\CreateFrontMatterFromBlockUseCaseTests.cs(12,6): error CS0246: The type or namespace name 'TestMethod' could not be found (are you missing a using directive or an assembly reference?) [C:\Users\szant\Documents\Development\Cabinet_bilder_scripts\App.AutoCadScripts.Tests\App.AutoCadScripts.Tests.csproj]
C:\Users\szant\Documents\Development\Cabinet_bilder_scripts\App.AutoCadScripts.Tests\Application\CreateFrontMatterFromBlockUseCaseTests.cs(20,6): error CS0246: The type or namespace name 'TestMethodAttribute' could not be found (are you missing a using directive or an assembly reference?) [C:\Users\szant\Documents\Development\Cabinet_bilder_scripts\App.AutoCadScripts.Tests\App.AutoCadScripts.Tests.csproj]
C:\Users\szant\Documents\Development\Cabinet_bilder_scripts\App.AutoCadScripts.Tests\Application\CreateFrontMatterFromBlockUseCaseTests.cs(20,6): error CS0246: The type or namespace name 'TestMethod' could not be found (are you missing a using directive or an assembly reference?) [C:\Users\szant\Documents\Development\Cabinet_bilder_scripts\App.AutoCadScripts.Tests\App.AutoCadScripts.Tests.csproj]

Build FAILED.

C:\Users\szant\Documents\Development\Cabinet_bilder_scripts\App.AutoCadScripts.Tests\Application\CreateFrontMatterFromBlockUseCaseTests.cs(2,7): error CS0246: The type or namespace name 'Autodesk' could not be found (are you missing a using directive or an assembly reference?) [C:\Users\szant\Documents\Development\Cabinet_bilder_scripts\App.AutoCadScripts.Tests\App.AutoCadScripts.Tests.csproj]
C:\Users\szant\Documents\Development\Cabinet_bilder_scripts\App.AutoCadScripts.Tests\Application\CreateFrontMatterFromBlockUseCaseTests.cs(3,7): error CS0246: The type or namespace name 'Autodesk' could not be found (are you missing a using directive or an assembly reference?) [C:\Users\szant\Documents\Development\Cabinet_bilder_scripts\App.AutoCadScripts.Tests\App.AutoCadScripts.Tests.csproj]
C:\Users\szant\Documents\Development\Cabinet_bilder_scripts\App.AutoCadScripts.Tests\Application\CreateFrontMatterFromBlockUseCaseTests.cs(9,2): error CS0246: The type or namespace name 'TestClassAttribute' could not be found (are you missing a using directive or an assembly reference?) [C:\Users\szant\Documents\Development\Cabinet_bilder_scripts\App.AutoCadScripts.Tests\App.AutoCadScripts.Tests.csproj]
C:\Users\szant\Documents\Development\Cabinet_bilder_scripts\App.AutoCadScripts.Tests\Application\CreateFrontMatterFromBlockUseCaseTests.cs(9,2): error CS0246: The type or namespace name 'TestClass' could not be found (are you missing a using directive or an assembly reference?) [C:\Users\szant\Documents\Development\Cabinet_bilder_scripts\App.AutoCadScripts.Tests\App.AutoCadScripts.Tests.csproj]
C:\Users\szant\Documents\Development\Cabinet_bilder_scripts\App.AutoCadScripts.Tests\Application\CreateFrontMatterFromBlockUseCaseTests.cs(12,6): error CS0246: The type or namespace name 'TestMethodAttribute' could not be found (are you missing a using directive or an assembly reference?) [C:\Users\szant\Documents\Development\Cabinet_bilder_scripts\App.AutoCadScripts.Tests\App.AutoCadScripts.Tests.csproj]
C:\Users\szant\Documents\Development\Cabinet_bilder_scripts\App.AutoCadScripts.Tests\Application\CreateFrontMatterFromBlockUseCaseTests.cs(12,6): error CS0246: The type or namespace name 'TestMethod' could not be found (are you missing a using directive or an assembly reference?) [C:\Users\szant\Documents\Development\Cabinet_bilder_scripts\App.AutoCadScripts.Tests\App.AutoCadScripts.Tests.csproj]
C:\Users\szant\Documents\Development\Cabinet_bilder_scripts\App.AutoCadScripts.Tests\Application\CreateFrontMatterFromBlockUseCaseTests.cs(20,6): error CS0246: The type or namespace name 'TestMethodAttribute' could not be found (are you missing a using directive or an assembly reference?) [C:\Users\szant\Documents\Development\Cabinet_bilder_scripts\App.AutoCadScripts.Tests\App.AutoCadScripts.Tests.csproj]
C:\Users\szant\Documents\Development\Cabinet_bilder_scripts\App.AutoCadScripts.Tests\Application\CreateFrontMatterFromBlockUseCaseTests.cs(20,6): error CS0246: The type or namespace name 'TestMethod' could not be found (are you missing a using directive or an assembly reference?) [C:\Users\szant\Documents\Development\Cabinet_bilder_scripts\App.AutoCadScripts.Tests\App.AutoCadScripts.Tests.csproj]
    0 Warning(s)
    8 Error(s)

Time Elapsed 00:00:01.16
