  Determining projects to restore...
  All projects are up-to-date for restore.
  App.AutoCadScripts.Core -> C:\Users\szant\Documents\Development\Cabinet_bilder_scripts\App.AutoCadScripts.Core\bin\Debug\net10.0\App.AutoCadScripts.Core.dll
  App.AutoCadScripts -> C:\Users\szant\Documents\Development\Cabinet_bilder_scripts\App.AutoCadScripts\bin\Debug\net10.0\App.AutoCadScripts.dll
C:\Program Files\dotnet\sdk\10.0.102\Microsoft.Common.CurrentVersion.targets(2437,5): warning MSB3277: Found conflicts between different versions of "Microsoft.VisualBasic" that could not be resolved. [C:\Users\szant\Documents\Development\Cabinet_bilder_scripts\App.AutoCadScripts.Tests\App.AutoCadScripts.Tests.csproj]
C:\Program Files\dotnet\sdk\10.0.102\Microsoft.Common.CurrentVersion.targets(2437,5): warning MSB3277: There was a conflict between "Microsoft.VisualBasic, Version=10.0.0.0, Culture=neutral, PublicKeyToken=b03f5f7f11d50a3a" and "Microsoft.VisualBasic, Version=10.1.0.0, Culture=neutral, PublicKeyToken=b03f5f7f11d50a3a". [C:\Users\szant\Documents\Development\Cabinet_bilder_scripts\App.AutoCadScripts.Tests\App.AutoCadScripts.Tests.csproj]
C:\Program Files\dotnet\sdk\10.0.102\Microsoft.Common.CurrentVersion.targets(2437,5): warning MSB3277:     "Microsoft.VisualBasic, Version=10.0.0.0, Culture=neutral, PublicKeyToken=b03f5f7f11d50a3a" was chosen because it was primary and "Microsoft.VisualBasic, Version=10.1.0.0, Culture=neutral, PublicKeyToken=b03f5f7f11d50a3a" was not. [C:\Users\szant\Documents\Development\Cabinet_bilder_scripts\App.AutoCadScripts.Tests\App.AutoCadScripts.Tests.csproj]
C:\Program Files\dotnet\sdk\10.0.102\Microsoft.Common.CurrentVersion.targets(2437,5): warning MSB3277:     References which depend on "Microsoft.VisualBasic, Version=10.0.0.0, Culture=neutral, PublicKeyToken=b03f5f7f11d50a3a" [C:\Program Files\dotnet\packs\Microsoft.NETCore.App.Ref\10.0.2\ref\net10.0\Microsoft.VisualBasic.dll]. [C:\Users\szant\Documents\Development\Cabinet_bilder_scripts\App.AutoCadScripts.Tests\App.AutoCadScripts.Tests.csproj]
C:\Program Files\dotnet\sdk\10.0.102\Microsoft.Common.CurrentVersion.targets(2437,5): warning MSB3277:         C:\Program Files\dotnet\packs\Microsoft.NETCore.App.Ref\10.0.2\ref\net10.0\Microsoft.VisualBasic.dll [C:\Users\szant\Documents\Development\Cabinet_bilder_scripts\App.AutoCadScripts.Tests\App.AutoCadScripts.Tests.csproj]
C:\Program Files\dotnet\sdk\10.0.102\Microsoft.Common.CurrentVersion.targets(2437,5): warning MSB3277:           Project file item includes which caused reference "C:\Program Files\dotnet\packs\Microsoft.NETCore.App.Ref\10.0.2\ref\net10.0\Microsoft.VisualBasic.dll". [C:\Users\szant\Documents\Development\Cabinet_bilder_scripts\App.AutoCadScripts.Tests\App.AutoCadScripts.Tests.csproj]
C:\Program Files\dotnet\sdk\10.0.102\Microsoft.Common.CurrentVersion.targets(2437,5): warning MSB3277:             C:\Program Files\dotnet\packs\Microsoft.NETCore.App.Ref\10.0.2\ref/net10.0/Microsoft.VisualBasic.dll [C:\Users\szant\Documents\Development\Cabinet_bilder_scripts\App.AutoCadScripts.Tests\App.AutoCadScripts.Tests.csproj]
C:\Program Files\dotnet\sdk\10.0.102\Microsoft.Common.CurrentVersion.targets(2437,5): warning MSB3277:     References which depend on or have been unified to "Microsoft.VisualBasic, Version=10.1.0.0, Culture=neutral, PublicKeyToken=b03f5f7f11d50a3a" []. [C:\Users\szant\Documents\Development\Cabinet_bilder_scripts\App.AutoCadScripts.Tests\App.AutoCadScripts.Tests.csproj]
C:\Program Files\dotnet\sdk\10.0.102\Microsoft.Common.CurrentVersion.targets(2437,5): warning MSB3277:         C:\Program Files\Autodesk\AutoCAD 2027\acdbmgd.dll [C:\Users\szant\Documents\Development\Cabinet_bilder_scripts\App.AutoCadScripts.Tests\App.AutoCadScripts.Tests.csproj]
C:\Program Files\dotnet\sdk\10.0.102\Microsoft.Common.CurrentVersion.targets(2437,5): warning MSB3277:           Project file item includes which caused reference "C:\Program Files\Autodesk\AutoCAD 2027\acdbmgd.dll". [C:\Users\szant\Documents\Development\Cabinet_bilder_scripts\App.AutoCadScripts.Tests\App.AutoCadScripts.Tests.csproj]
C:\Program Files\dotnet\sdk\10.0.102\Microsoft.Common.CurrentVersion.targets(2437,5): warning MSB3277:             acdbmgd [C:\Users\szant\Documents\Development\Cabinet_bilder_scripts\App.AutoCadScripts.Tests\App.AutoCadScripts.Tests.csproj]
C:\Program Files\dotnet\sdk\10.0.102\Microsoft.Common.CurrentVersion.targets(2437,5): warning MSB3277:             C:\Users\szant\Documents\Development\Cabinet_bilder_scripts\App.AutoCadScripts\bin\Debug\net10.0\App.AutoCadScripts.dll [C:\Users\szant\Documents\Development\Cabinet_bilder_scripts\App.AutoCadScripts.Tests\App.AutoCadScripts.Tests.csproj]
C:\Program Files\dotnet\sdk\10.0.102\Microsoft.Common.CurrentVersion.targets(2437,5): warning MSB3277:             accoremgd [C:\Users\szant\Documents\Development\Cabinet_bilder_scripts\App.AutoCadScripts.Tests\App.AutoCadScripts.Tests.csproj]
C:\Program Files\dotnet\sdk\10.0.102\Microsoft.Common.CurrentVersion.targets(2437,5): warning MSB3277:             acmgd [C:\Users\szant\Documents\Development\Cabinet_bilder_scripts\App.AutoCadScripts.Tests\App.AutoCadScripts.Tests.csproj]
C:\Program Files\dotnet\sdk\10.0.102\Microsoft.Common.CurrentVersion.targets(2437,5): warning MSB3277:         C:\Program Files\Autodesk\AutoCAD 2027\accoremgd.dll [C:\Users\szant\Documents\Development\Cabinet_bilder_scripts\App.AutoCadScripts.Tests\App.AutoCadScripts.Tests.csproj]
C:\Program Files\dotnet\sdk\10.0.102\Microsoft.Common.CurrentVersion.targets(2437,5): warning MSB3277:           Project file item includes which caused reference "C:\Program Files\Autodesk\AutoCAD 2027\accoremgd.dll". [C:\Users\szant\Documents\Development\Cabinet_bilder_scripts\App.AutoCadScripts.Tests\App.AutoCadScripts.Tests.csproj]
C:\Program Files\dotnet\sdk\10.0.102\Microsoft.Common.CurrentVersion.targets(2437,5): warning MSB3277:             accoremgd [C:\Users\szant\Documents\Development\Cabinet_bilder_scripts\App.AutoCadScripts.Tests\App.AutoCadScripts.Tests.csproj]
C:\Program Files\dotnet\sdk\10.0.102\Microsoft.Common.CurrentVersion.targets(2437,5): warning MSB3277:             C:\Users\szant\Documents\Development\Cabinet_bilder_scripts\App.AutoCadScripts\bin\Debug\net10.0\App.AutoCadScripts.dll [C:\Users\szant\Documents\Development\Cabinet_bilder_scripts\App.AutoCadScripts.Tests\App.AutoCadScripts.Tests.csproj]
C:\Program Files\dotnet\sdk\10.0.102\Microsoft.Common.CurrentVersion.targets(2437,5): warning MSB3277:             acmgd [C:\Users\szant\Documents\Development\Cabinet_bilder_scripts\App.AutoCadScripts.Tests\App.AutoCadScripts.Tests.csproj]
C:\Program Files\dotnet\sdk\10.0.102\Microsoft.Common.CurrentVersion.targets(2437,5): warning MSB3277:         C:\Program Files\Autodesk\AutoCAD 2027\acmgd.dll [C:\Users\szant\Documents\Development\Cabinet_bilder_scripts\App.AutoCadScripts.Tests\App.AutoCadScripts.Tests.csproj]
C:\Program Files\dotnet\sdk\10.0.102\Microsoft.Common.CurrentVersion.targets(2437,5): warning MSB3277:           Project file item includes which caused reference "C:\Program Files\Autodesk\AutoCAD 2027\acmgd.dll". [C:\Users\szant\Documents\Development\Cabinet_bilder_scripts\App.AutoCadScripts.Tests\App.AutoCadScripts.Tests.csproj]
C:\Program Files\dotnet\sdk\10.0.102\Microsoft.Common.CurrentVersion.targets(2437,5): warning MSB3277:             acmgd [C:\Users\szant\Documents\Development\Cabinet_bilder_scripts\App.AutoCadScripts.Tests\App.AutoCadScripts.Tests.csproj]
C:\Program Files\dotnet\sdk\10.0.102\Microsoft.Common.CurrentVersion.targets(2437,5): warning MSB3277:             C:\Users\szant\Documents\Development\Cabinet_bilder_scripts\App.AutoCadScripts\bin\Debug\net10.0\App.AutoCadScripts.dll [C:\Users\szant\Documents\Development\Cabinet_bilder_scripts\App.AutoCadScripts.Tests\App.AutoCadScripts.Tests.csproj]
C:\Program Files\dotnet\sdk\10.0.102\Microsoft.Common.CurrentVersion.targets(2437,5): warning MSB3277:         C:\Program Files\Autodesk\AutoCAD 2027\AcTcMgd.dll [C:\Users\szant\Documents\Development\Cabinet_bilder_scripts\App.AutoCadScripts.Tests\App.AutoCadScripts.Tests.csproj]
C:\Program Files\dotnet\sdk\10.0.102\Microsoft.Common.CurrentVersion.targets(2437,5): warning MSB3277:           Project file item includes which caused reference "C:\Program Files\Autodesk\AutoCAD 2027\AcTcMgd.dll". [C:\Users\szant\Documents\Development\Cabinet_bilder_scripts\App.AutoCadScripts.Tests\App.AutoCadScripts.Tests.csproj]
C:\Program Files\dotnet\sdk\10.0.102\Microsoft.Common.CurrentVersion.targets(2437,5): warning MSB3277:             acmgd [C:\Users\szant\Documents\Development\Cabinet_bilder_scripts\App.AutoCadScripts.Tests\App.AutoCadScripts.Tests.csproj]
C:\Program Files\dotnet\sdk\10.0.102\Microsoft.Common.CurrentVersion.targets(2437,5): warning MSB3277:             C:\Users\szant\Documents\Development\Cabinet_bilder_scripts\App.AutoCadScripts\bin\Debug\net10.0\App.AutoCadScripts.dll [C:\Users\szant\Documents\Development\Cabinet_bilder_scripts\App.AutoCadScripts.Tests\App.AutoCadScripts.Tests.csproj]
C:\Program Files\dotnet\sdk\10.0.102\Microsoft.Common.CurrentVersion.targets(2437,5): warning MSB3277:         C:\Program Files\Autodesk\AutoCAD 2027\AcMNUParser.dll [C:\Users\szant\Documents\Development\Cabinet_bilder_scripts\App.AutoCadScripts.Tests\App.AutoCadScripts.Tests.csproj]
C:\Program Files\dotnet\sdk\10.0.102\Microsoft.Common.CurrentVersion.targets(2437,5): warning MSB3277:           Project file item includes which caused reference "C:\Program Files\Autodesk\AutoCAD 2027\AcMNUParser.dll". [C:\Users\szant\Documents\Development\Cabinet_bilder_scripts\App.AutoCadScripts.Tests\App.AutoCadScripts.Tests.csproj]
C:\Program Files\dotnet\sdk\10.0.102\Microsoft.Common.CurrentVersion.targets(2437,5): warning MSB3277:             acmgd [C:\Users\szant\Documents\Development\Cabinet_bilder_scripts\App.AutoCadScripts.Tests\App.AutoCadScripts.Tests.csproj]
C:\Program Files\dotnet\sdk\10.0.102\Microsoft.Common.CurrentVersion.targets(2437,5): warning MSB3277:             C:\Users\szant\Documents\Development\Cabinet_bilder_scripts\App.AutoCadScripts\bin\Debug\net10.0\App.AutoCadScripts.dll [C:\Users\szant\Documents\Development\Cabinet_bilder_scripts\App.AutoCadScripts.Tests\App.AutoCadScripts.Tests.csproj]
C:\Program Files\dotnet\sdk\10.0.102\Microsoft.Common.CurrentVersion.targets(2437,5): warning MSB3277: Found conflicts between different versions of "System.Diagnostics.EventLog" that could not be resolved. [C:\Users\szant\Documents\Development\Cabinet_bilder_scripts\App.AutoCadScripts.Tests\App.AutoCadScripts.Tests.csproj]
C:\Program Files\dotnet\sdk\10.0.102\Microsoft.Common.CurrentVersion.targets(2437,5): warning MSB3277: There was a conflict between "System.Diagnostics.EventLog, Version=6.0.0.0, Culture=neutral, PublicKeyToken=cc7b13ffcd2ddd51" and "System.Diagnostics.EventLog, Version=10.0.0.0, Culture=neutral, PublicKeyToken=cc7b13ffcd2ddd51". [C:\Users\szant\Documents\Development\Cabinet_bilder_scripts\App.AutoCadScripts.Tests\App.AutoCadScripts.Tests.csproj]
C:\Program Files\dotnet\sdk\10.0.102\Microsoft.Common.CurrentVersion.targets(2437,5): warning MSB3277:     "System.Diagnostics.EventLog, Version=6.0.0.0, Culture=neutral, PublicKeyToken=cc7b13ffcd2ddd51" was chosen because it was primary and "System.Diagnostics.EventLog, Version=10.0.0.0, Culture=neutral, PublicKeyToken=cc7b13ffcd2ddd51" was not. [C:\Users\szant\Documents\Development\Cabinet_bilder_scripts\App.AutoCadScripts.Tests\App.AutoCadScripts.Tests.csproj]
C:\Program Files\dotnet\sdk\10.0.102\Microsoft.Common.CurrentVersion.targets(2437,5): warning MSB3277:     References which depend on "System.Diagnostics.EventLog, Version=6.0.0.0, Culture=neutral, PublicKeyToken=cc7b13ffcd2ddd51" [C:\Users\szant\.nuget\packages\system.diagnostics.eventlog\6.0.0\lib\net6.0\System.Diagnostics.EventLog.dll]. [C:\Users\szant\Documents\Development\Cabinet_bilder_scripts\App.AutoCadScripts.Tests\App.AutoCadScripts.Tests.csproj]
C:\Program Files\dotnet\sdk\10.0.102\Microsoft.Common.CurrentVersion.targets(2437,5): warning MSB3277:         C:\Users\szant\.nuget\packages\system.diagnostics.eventlog\6.0.0\lib\net6.0\System.Diagnostics.EventLog.dll [C:\Users\szant\Documents\Development\Cabinet_bilder_scripts\App.AutoCadScripts.Tests\App.AutoCadScripts.Tests.csproj]
C:\Program Files\dotnet\sdk\10.0.102\Microsoft.Common.CurrentVersion.targets(2437,5): warning MSB3277:           Project file item includes which caused reference "C:\Users\szant\.nuget\packages\system.diagnostics.eventlog\6.0.0\lib\net6.0\System.Diagnostics.EventLog.dll". [C:\Users\szant\Documents\Development\Cabinet_bilder_scripts\App.AutoCadScripts.Tests\App.AutoCadScripts.Tests.csproj]
C:\Program Files\dotnet\sdk\10.0.102\Microsoft.Common.CurrentVersion.targets(2437,5): warning MSB3277:             C:\Users\szant\.nuget\packages\system.diagnostics.eventlog\6.0.0\lib\net6.0\System.Diagnostics.EventLog.dll [C:\Users\szant\Documents\Development\Cabinet_bilder_scripts\App.AutoCadScripts.Tests\App.AutoCadScripts.Tests.csproj]
C:\Program Files\dotnet\sdk\10.0.102\Microsoft.Common.CurrentVersion.targets(2437,5): warning MSB3277:     References which depend on or have been unified to "System.Diagnostics.EventLog, Version=10.0.0.0, Culture=neutral, PublicKeyToken=cc7b13ffcd2ddd51" []. [C:\Users\szant\Documents\Development\Cabinet_bilder_scripts\App.AutoCadScripts.Tests\App.AutoCadScripts.Tests.csproj]
C:\Program Files\dotnet\sdk\10.0.102\Microsoft.Common.CurrentVersion.targets(2437,5): warning MSB3277:         C:\Program Files\Autodesk\AutoCAD 2027\acdbmgd.dll [C:\Users\szant\Documents\Development\Cabinet_bilder_scripts\App.AutoCadScripts.Tests\App.AutoCadScripts.Tests.csproj]
C:\Program Files\dotnet\sdk\10.0.102\Microsoft.Common.CurrentVersion.targets(2437,5): warning MSB3277:           Project file item includes which caused reference "C:\Program Files\Autodesk\AutoCAD 2027\acdbmgd.dll". [C:\Users\szant\Documents\Development\Cabinet_bilder_scripts\App.AutoCadScripts.Tests\App.AutoCadScripts.Tests.csproj]
C:\Program Files\dotnet\sdk\10.0.102\Microsoft.Common.CurrentVersion.targets(2437,5): warning MSB3277:             acdbmgd [C:\Users\szant\Documents\Development\Cabinet_bilder_scripts\App.AutoCadScripts.Tests\App.AutoCadScripts.Tests.csproj]
C:\Program Files\dotnet\sdk\10.0.102\Microsoft.Common.CurrentVersion.targets(2437,5): warning MSB3277:             C:\Users\szant\Documents\Development\Cabinet_bilder_scripts\App.AutoCadScripts\bin\Debug\net10.0\App.AutoCadScripts.dll [C:\Users\szant\Documents\Development\Cabinet_bilder_scripts\App.AutoCadScripts.Tests\App.AutoCadScripts.Tests.csproj]
C:\Program Files\dotnet\sdk\10.0.102\Microsoft.Common.CurrentVersion.targets(2437,5): warning MSB3277:             accoremgd [C:\Users\szant\Documents\Development\Cabinet_bilder_scripts\App.AutoCadScripts.Tests\App.AutoCadScripts.Tests.csproj]
C:\Program Files\dotnet\sdk\10.0.102\Microsoft.Common.CurrentVersion.targets(2437,5): warning MSB3277:             acmgd [C:\Users\szant\Documents\Development\Cabinet_bilder_scripts\App.AutoCadScripts.Tests\App.AutoCadScripts.Tests.csproj]
C:\Program Files\dotnet\sdk\10.0.102\Microsoft.Common.CurrentVersion.targets(2437,5): warning MSB3277:         C:\Program Files\Autodesk\AutoCAD 2027\accoremgd.dll [C:\Users\szant\Documents\Development\Cabinet_bilder_scripts\App.AutoCadScripts.Tests\App.AutoCadScripts.Tests.csproj]
C:\Program Files\dotnet\sdk\10.0.102\Microsoft.Common.CurrentVersion.targets(2437,5): warning MSB3277:           Project file item includes which caused reference "C:\Program Files\Autodesk\AutoCAD 2027\accoremgd.dll". [C:\Users\szant\Documents\Development\Cabinet_bilder_scripts\App.AutoCadScripts.Tests\App.AutoCadScripts.Tests.csproj]
C:\Program Files\dotnet\sdk\10.0.102\Microsoft.Common.CurrentVersion.targets(2437,5): warning MSB3277:             accoremgd [C:\Users\szant\Documents\Development\Cabinet_bilder_scripts\App.AutoCadScripts.Tests\App.AutoCadScripts.Tests.csproj]
C:\Program Files\dotnet\sdk\10.0.102\Microsoft.Common.CurrentVersion.targets(2437,5): warning MSB3277:             C:\Users\szant\Documents\Development\Cabinet_bilder_scripts\App.AutoCadScripts\bin\Debug\net10.0\App.AutoCadScripts.dll [C:\Users\szant\Documents\Development\Cabinet_bilder_scripts\App.AutoCadScripts.Tests\App.AutoCadScripts.Tests.csproj]
C:\Program Files\dotnet\sdk\10.0.102\Microsoft.Common.CurrentVersion.targets(2437,5): warning MSB3277:             acmgd [C:\Users\szant\Documents\Development\Cabinet_bilder_scripts\App.AutoCadScripts.Tests\App.AutoCadScripts.Tests.csproj]
C:\Program Files\dotnet\sdk\10.0.102\Microsoft.Common.CurrentVersion.targets(2437,5): warning MSB3277:         C:\Program Files\Autodesk\AutoCAD 2027\acmgd.dll [C:\Users\szant\Documents\Development\Cabinet_bilder_scripts\App.AutoCadScripts.Tests\App.AutoCadScripts.Tests.csproj]
C:\Program Files\dotnet\sdk\10.0.102\Microsoft.Common.CurrentVersion.targets(2437,5): warning MSB3277:           Project file item includes which caused reference "C:\Program Files\Autodesk\AutoCAD 2027\acmgd.dll". [C:\Users\szant\Documents\Development\Cabinet_bilder_scripts\App.AutoCadScripts.Tests\App.AutoCadScripts.Tests.csproj]
C:\Program Files\dotnet\sdk\10.0.102\Microsoft.Common.CurrentVersion.targets(2437,5): warning MSB3277:             acmgd [C:\Users\szant\Documents\Development\Cabinet_bilder_scripts\App.AutoCadScripts.Tests\App.AutoCadScripts.Tests.csproj]
C:\Program Files\dotnet\sdk\10.0.102\Microsoft.Common.CurrentVersion.targets(2437,5): warning MSB3277:             C:\Users\szant\Documents\Development\Cabinet_bilder_scripts\App.AutoCadScripts\bin\Debug\net10.0\App.AutoCadScripts.dll [C:\Users\szant\Documents\Development\Cabinet_bilder_scripts\App.AutoCadScripts.Tests\App.AutoCadScripts.Tests.csproj]
C:\Program Files\dotnet\sdk\10.0.102\Microsoft.Common.CurrentVersion.targets(2437,5): warning MSB3277:         C:\Program Files\Autodesk\AutoCAD 2027\AcTcMgd.dll [C:\Users\szant\Documents\Development\Cabinet_bilder_scripts\App.AutoCadScripts.Tests\App.AutoCadScripts.Tests.csproj]
C:\Program Files\dotnet\sdk\10.0.102\Microsoft.Common.CurrentVersion.targets(2437,5): warning MSB3277:           Project file item includes which caused reference "C:\Program Files\Autodesk\AutoCAD 2027\AcTcMgd.dll". [C:\Users\szant\Documents\Development\Cabinet_bilder_scripts\App.AutoCadScripts.Tests\App.AutoCadScripts.Tests.csproj]
C:\Program Files\dotnet\sdk\10.0.102\Microsoft.Common.CurrentVersion.targets(2437,5): warning MSB3277:             acmgd [C:\Users\szant\Documents\Development\Cabinet_bilder_scripts\App.AutoCadScripts.Tests\App.AutoCadScripts.Tests.csproj]
C:\Program Files\dotnet\sdk\10.0.102\Microsoft.Common.CurrentVersion.targets(2437,5): warning MSB3277:             C:\Users\szant\Documents\Development\Cabinet_bilder_scripts\App.AutoCadScripts\bin\Debug\net10.0\App.AutoCadScripts.dll [C:\Users\szant\Documents\Development\Cabinet_bilder_scripts\App.AutoCadScripts.Tests\App.AutoCadScripts.Tests.csproj]
C:\Program Files\dotnet\sdk\10.0.102\Microsoft.Common.CurrentVersion.targets(2437,5): warning MSB3277:         C:\Program Files\Autodesk\AutoCAD 2027\AcMNUParser.dll [C:\Users\szant\Documents\Development\Cabinet_bilder_scripts\App.AutoCadScripts.Tests\App.AutoCadScripts.Tests.csproj]
C:\Program Files\dotnet\sdk\10.0.102\Microsoft.Common.CurrentVersion.targets(2437,5): warning MSB3277:           Project file item includes which caused reference "C:\Program Files\Autodesk\AutoCAD 2027\AcMNUParser.dll". [C:\Users\szant\Documents\Development\Cabinet_bilder_scripts\App.AutoCadScripts.Tests\App.AutoCadScripts.Tests.csproj]
C:\Program Files\dotnet\sdk\10.0.102\Microsoft.Common.CurrentVersion.targets(2437,5): warning MSB3277:             acmgd [C:\Users\szant\Documents\Development\Cabinet_bilder_scripts\App.AutoCadScripts.Tests\App.AutoCadScripts.Tests.csproj]
C:\Program Files\dotnet\sdk\10.0.102\Microsoft.Common.CurrentVersion.targets(2437,5): warning MSB3277:             C:\Users\szant\Documents\Development\Cabinet_bilder_scripts\App.AutoCadScripts\bin\Debug\net10.0\App.AutoCadScripts.dll [C:\Users\szant\Documents\Development\Cabinet_bilder_scripts\App.AutoCadScripts.Tests\App.AutoCadScripts.Tests.csproj]
C:\Program Files\dotnet\sdk\10.0.102\Microsoft.Common.CurrentVersion.targets(2437,5): warning MSB3277: Found conflicts between different versions of "System.Drawing" that could not be resolved. [C:\Users\szant\Documents\Development\Cabinet_bilder_scripts\App.AutoCadScripts.Tests\App.AutoCadScripts.Tests.csproj]
C:\Program Files\dotnet\sdk\10.0.102\Microsoft.Common.CurrentVersion.targets(2437,5): warning MSB3277: There was a conflict between "System.Drawing, Version=4.0.0.0, Culture=neutral, PublicKeyToken=b03f5f7f11d50a3a" and "System.Drawing, Version=10.0.0.0, Culture=neutral, PublicKeyToken=b03f5f7f11d50a3a". [C:\Users\szant\Documents\Development\Cabinet_bilder_scripts\App.AutoCadScripts.Tests\App.AutoCadScripts.Tests.csproj]
C:\Program Files\dotnet\sdk\10.0.102\Microsoft.Common.CurrentVersion.targets(2437,5): warning MSB3277:     "System.Drawing, Version=4.0.0.0, Culture=neutral, PublicKeyToken=b03f5f7f11d50a3a" was chosen because it was primary and "System.Drawing, Version=10.0.0.0, Culture=neutral, PublicKeyToken=b03f5f7f11d50a3a" was not. [C:\Users\szant\Documents\Development\Cabinet_bilder_scripts\App.AutoCadScripts.Tests\App.AutoCadScripts.Tests.csproj]
C:\Program Files\dotnet\sdk\10.0.102\Microsoft.Common.CurrentVersion.targets(2437,5): warning MSB3277:     References which depend on "System.Drawing, Version=4.0.0.0, Culture=neutral, PublicKeyToken=b03f5f7f11d50a3a" [C:\Program Files\dotnet\packs\Microsoft.NETCore.App.Ref\10.0.2\ref\net10.0\System.Drawing.dll]. [C:\Users\szant\Documents\Development\Cabinet_bilder_scripts\App.AutoCadScripts.Tests\App.AutoCadScripts.Tests.csproj]
C:\Program Files\dotnet\sdk\10.0.102\Microsoft.Common.CurrentVersion.targets(2437,5): warning MSB3277:         C:\Program Files\dotnet\packs\Microsoft.NETCore.App.Ref\10.0.2\ref\net10.0\System.Drawing.dll [C:\Users\szant\Documents\Development\Cabinet_bilder_scripts\App.AutoCadScripts.Tests\App.AutoCadScripts.Tests.csproj]
C:\Program Files\dotnet\sdk\10.0.102\Microsoft.Common.CurrentVersion.targets(2437,5): warning MSB3277:           Project file item includes which caused reference "C:\Program Files\dotnet\packs\Microsoft.NETCore.App.Ref\10.0.2\ref\net10.0\System.Drawing.dll". [C:\Users\szant\Documents\Development\Cabinet_bilder_scripts\App.AutoCadScripts.Tests\App.AutoCadScripts.Tests.csproj]
C:\Program Files\dotnet\sdk\10.0.102\Microsoft.Common.CurrentVersion.targets(2437,5): warning MSB3277:             C:\Program Files\dotnet\packs\Microsoft.NETCore.App.Ref\10.0.2\ref/net10.0/System.Drawing.dll [C:\Users\szant\Documents\Development\Cabinet_bilder_scripts\App.AutoCadScripts.Tests\App.AutoCadScripts.Tests.csproj]
C:\Program Files\dotnet\sdk\10.0.102\Microsoft.Common.CurrentVersion.targets(2437,5): warning MSB3277:     References which depend on or have been unified to "System.Drawing, Version=10.0.0.0, Culture=neutral, PublicKeyToken=b03f5f7f11d50a3a" []. [C:\Users\szant\Documents\Development\Cabinet_bilder_scripts\App.AutoCadScripts.Tests\App.AutoCadScripts.Tests.csproj]
C:\Program Files\dotnet\sdk\10.0.102\Microsoft.Common.CurrentVersion.targets(2437,5): warning MSB3277:         C:\Program Files\Autodesk\AutoCAD 2027\acdbmgd.dll [C:\Users\szant\Documents\Development\Cabinet_bilder_scripts\App.AutoCadScripts.Tests\App.AutoCadScripts.Tests.csproj]
C:\Program Files\dotnet\sdk\10.0.102\Microsoft.Common.CurrentVersion.targets(2437,5): warning MSB3277:           Project file item includes which caused reference "C:\Program Files\Autodesk\AutoCAD 2027\acdbmgd.dll". [C:\Users\szant\Documents\Development\Cabinet_bilder_scripts\App.AutoCadScripts.Tests\App.AutoCadScripts.Tests.csproj]
C:\Program Files\dotnet\sdk\10.0.102\Microsoft.Common.CurrentVersion.targets(2437,5): warning MSB3277:             acdbmgd [C:\Users\szant\Documents\Development\Cabinet_bilder_scripts\App.AutoCadScripts.Tests\App.AutoCadScripts.Tests.csproj]
C:\Program Files\dotnet\sdk\10.0.102\Microsoft.Common.CurrentVersion.targets(2437,5): warning MSB3277:             C:\Users\szant\Documents\Development\Cabinet_bilder_scripts\App.AutoCadScripts\bin\Debug\net10.0\App.AutoCadScripts.dll [C:\Users\szant\Documents\Development\Cabinet_bilder_scripts\App.AutoCadScripts.Tests\App.AutoCadScripts.Tests.csproj]
C:\Program Files\dotnet\sdk\10.0.102\Microsoft.Common.CurrentVersion.targets(2437,5): warning MSB3277:             accoremgd [C:\Users\szant\Documents\Development\Cabinet_bilder_scripts\App.AutoCadScripts.Tests\App.AutoCadScripts.Tests.csproj]
C:\Program Files\dotnet\sdk\10.0.102\Microsoft.Common.CurrentVersion.targets(2437,5): warning MSB3277:             acmgd [C:\Users\szant\Documents\Development\Cabinet_bilder_scripts\App.AutoCadScripts.Tests\App.AutoCadScripts.Tests.csproj]
C:\Program Files\dotnet\sdk\10.0.102\Microsoft.Common.CurrentVersion.targets(2437,5): warning MSB3277:         C:\Program Files\Autodesk\AutoCAD 2027\accoremgd.dll [C:\Users\szant\Documents\Development\Cabinet_bilder_scripts\App.AutoCadScripts.Tests\App.AutoCadScripts.Tests.csproj]
C:\Program Files\dotnet\sdk\10.0.102\Microsoft.Common.CurrentVersion.targets(2437,5): warning MSB3277:           Project file item includes which caused reference "C:\Program Files\Autodesk\AutoCAD 2027\accoremgd.dll". [C:\Users\szant\Documents\Development\Cabinet_bilder_scripts\App.AutoCadScripts.Tests\App.AutoCadScripts.Tests.csproj]
C:\Program Files\dotnet\sdk\10.0.102\Microsoft.Common.CurrentVersion.targets(2437,5): warning MSB3277:             accoremgd [C:\Users\szant\Documents\Development\Cabinet_bilder_scripts\App.AutoCadScripts.Tests\App.AutoCadScripts.Tests.csproj]
C:\Program Files\dotnet\sdk\10.0.102\Microsoft.Common.CurrentVersion.targets(2437,5): warning MSB3277:             C:\Users\szant\Documents\Development\Cabinet_bilder_scripts\App.AutoCadScripts\bin\Debug\net10.0\App.AutoCadScripts.dll [C:\Users\szant\Documents\Development\Cabinet_bilder_scripts\App.AutoCadScripts.Tests\App.AutoCadScripts.Tests.csproj]
C:\Program Files\dotnet\sdk\10.0.102\Microsoft.Common.CurrentVersion.targets(2437,5): warning MSB3277:             acmgd [C:\Users\szant\Documents\Development\Cabinet_bilder_scripts\App.AutoCadScripts.Tests\App.AutoCadScripts.Tests.csproj]
C:\Program Files\dotnet\sdk\10.0.102\Microsoft.Common.CurrentVersion.targets(2437,5): warning MSB3277:         C:\Program Files\Autodesk\AutoCAD 2027\acmgd.dll [C:\Users\szant\Documents\Development\Cabinet_bilder_scripts\App.AutoCadScripts.Tests\App.AutoCadScripts.Tests.csproj]
C:\Program Files\dotnet\sdk\10.0.102\Microsoft.Common.CurrentVersion.targets(2437,5): warning MSB3277:           Project file item includes which caused reference "C:\Program Files\Autodesk\AutoCAD 2027\acmgd.dll". [C:\Users\szant\Documents\Development\Cabinet_bilder_scripts\App.AutoCadScripts.Tests\App.AutoCadScripts.Tests.csproj]
C:\Program Files\dotnet\sdk\10.0.102\Microsoft.Common.CurrentVersion.targets(2437,5): warning MSB3277:             acmgd [C:\Users\szant\Documents\Development\Cabinet_bilder_scripts\App.AutoCadScripts.Tests\App.AutoCadScripts.Tests.csproj]
C:\Program Files\dotnet\sdk\10.0.102\Microsoft.Common.CurrentVersion.targets(2437,5): warning MSB3277:             C:\Users\szant\Documents\Development\Cabinet_bilder_scripts\App.AutoCadScripts\bin\Debug\net10.0\App.AutoCadScripts.dll [C:\Users\szant\Documents\Development\Cabinet_bilder_scripts\App.AutoCadScripts.Tests\App.AutoCadScripts.Tests.csproj]
C:\Program Files\dotnet\sdk\10.0.102\Microsoft.Common.CurrentVersion.targets(2437,5): warning MSB3277:         C:\Program Files\Autodesk\AutoCAD 2027\AcTcMgd.dll [C:\Users\szant\Documents\Development\Cabinet_bilder_scripts\App.AutoCadScripts.Tests\App.AutoCadScripts.Tests.csproj]
C:\Program Files\dotnet\sdk\10.0.102\Microsoft.Common.CurrentVersion.targets(2437,5): warning MSB3277:           Project file item includes which caused reference "C:\Program Files\Autodesk\AutoCAD 2027\AcTcMgd.dll". [C:\Users\szant\Documents\Development\Cabinet_bilder_scripts\App.AutoCadScripts.Tests\App.AutoCadScripts.Tests.csproj]
C:\Program Files\dotnet\sdk\10.0.102\Microsoft.Common.CurrentVersion.targets(2437,5): warning MSB3277:             acmgd [C:\Users\szant\Documents\Development\Cabinet_bilder_scripts\App.AutoCadScripts.Tests\App.AutoCadScripts.Tests.csproj]
C:\Program Files\dotnet\sdk\10.0.102\Microsoft.Common.CurrentVersion.targets(2437,5): warning MSB3277:             C:\Users\szant\Documents\Development\Cabinet_bilder_scripts\App.AutoCadScripts\bin\Debug\net10.0\App.AutoCadScripts.dll [C:\Users\szant\Documents\Development\Cabinet_bilder_scripts\App.AutoCadScripts.Tests\App.AutoCadScripts.Tests.csproj]
C:\Program Files\dotnet\sdk\10.0.102\Microsoft.Common.CurrentVersion.targets(2437,5): warning MSB3277:         C:\Program Files\Autodesk\AutoCAD 2027\AcMNUParser.dll [C:\Users\szant\Documents\Development\Cabinet_bilder_scripts\App.AutoCadScripts.Tests\App.AutoCadScripts.Tests.csproj]
C:\Program Files\dotnet\sdk\10.0.102\Microsoft.Common.CurrentVersion.targets(2437,5): warning MSB3277:           Project file item includes which caused reference "C:\Program Files\Autodesk\AutoCAD 2027\AcMNUParser.dll". [C:\Users\szant\Documents\Development\Cabinet_bilder_scripts\App.AutoCadScripts.Tests\App.AutoCadScripts.Tests.csproj]
C:\Program Files\dotnet\sdk\10.0.102\Microsoft.Common.CurrentVersion.targets(2437,5): warning MSB3277:             acmgd [C:\Users\szant\Documents\Development\Cabinet_bilder_scripts\App.AutoCadScripts.Tests\App.AutoCadScripts.Tests.csproj]
C:\Program Files\dotnet\sdk\10.0.102\Microsoft.Common.CurrentVersion.targets(2437,5): warning MSB3277:             C:\Users\szant\Documents\Development\Cabinet_bilder_scripts\App.AutoCadScripts\bin\Debug\net10.0\App.AutoCadScripts.dll [C:\Users\szant\Documents\Development\Cabinet_bilder_scripts\App.AutoCadScripts.Tests\App.AutoCadScripts.Tests.csproj]
C:\Program Files\dotnet\sdk\10.0.102\Microsoft.Common.CurrentVersion.targets(2437,5): warning MSB3277: Found conflicts between different versions of "WindowsBase" that could not be resolved. [C:\Users\szant\Documents\Development\Cabinet_bilder_scripts\App.AutoCadScripts.Tests\App.AutoCadScripts.Tests.csproj]
C:\Program Files\dotnet\sdk\10.0.102\Microsoft.Common.CurrentVersion.targets(2437,5): warning MSB3277: There was a conflict between "WindowsBase, Version=4.0.0.0, Culture=neutral, PublicKeyToken=31bf3856ad364e35" and "WindowsBase, Version=10.0.0.0, Culture=neutral, PublicKeyToken=31bf3856ad364e35". [C:\Users\szant\Documents\Development\Cabinet_bilder_scripts\App.AutoCadScripts.Tests\App.AutoCadScripts.Tests.csproj]
C:\Program Files\dotnet\sdk\10.0.102\Microsoft.Common.CurrentVersion.targets(2437,5): warning MSB3277:     "WindowsBase, Version=4.0.0.0, Culture=neutral, PublicKeyToken=31bf3856ad364e35" was chosen because it was primary and "WindowsBase, Version=10.0.0.0, Culture=neutral, PublicKeyToken=31bf3856ad364e35" was not. [C:\Users\szant\Documents\Development\Cabinet_bilder_scripts\App.AutoCadScripts.Tests\App.AutoCadScripts.Tests.csproj]
C:\Program Files\dotnet\sdk\10.0.102\Microsoft.Common.CurrentVersion.targets(2437,5): warning MSB3277:     References which depend on "WindowsBase, Version=4.0.0.0, Culture=neutral, PublicKeyToken=31bf3856ad364e35" [C:\Program Files\dotnet\packs\Microsoft.NETCore.App.Ref\10.0.2\ref\net10.0\WindowsBase.dll]. [C:\Users\szant\Documents\Development\Cabinet_bilder_scripts\App.AutoCadScripts.Tests\App.AutoCadScripts.Tests.csproj]
C:\Program Files\dotnet\sdk\10.0.102\Microsoft.Common.CurrentVersion.targets(2437,5): warning MSB3277:         C:\Program Files\dotnet\packs\Microsoft.NETCore.App.Ref\10.0.2\ref\net10.0\WindowsBase.dll [C:\Users\szant\Documents\Development\Cabinet_bilder_scripts\App.AutoCadScripts.Tests\App.AutoCadScripts.Tests.csproj]
C:\Program Files\dotnet\sdk\10.0.102\Microsoft.Common.CurrentVersion.targets(2437,5): warning MSB3277:           Project file item includes which caused reference "C:\Program Files\dotnet\packs\Microsoft.NETCore.App.Ref\10.0.2\ref\net10.0\WindowsBase.dll". [C:\Users\szant\Documents\Development\Cabinet_bilder_scripts\App.AutoCadScripts.Tests\App.AutoCadScripts.Tests.csproj]
C:\Program Files\dotnet\sdk\10.0.102\Microsoft.Common.CurrentVersion.targets(2437,5): warning MSB3277:             C:\Program Files\dotnet\packs\Microsoft.NETCore.App.Ref\10.0.2\ref/net10.0/WindowsBase.dll [C:\Users\szant\Documents\Development\Cabinet_bilder_scripts\App.AutoCadScripts.Tests\App.AutoCadScripts.Tests.csproj]
C:\Program Files\dotnet\sdk\10.0.102\Microsoft.Common.CurrentVersion.targets(2437,5): warning MSB3277:     References which depend on or have been unified to "WindowsBase, Version=10.0.0.0, Culture=neutral, PublicKeyToken=31bf3856ad364e35" []. [C:\Users\szant\Documents\Development\Cabinet_bilder_scripts\App.AutoCadScripts.Tests\App.AutoCadScripts.Tests.csproj]
C:\Program Files\dotnet\sdk\10.0.102\Microsoft.Common.CurrentVersion.targets(2437,5): warning MSB3277:         C:\Program Files\Autodesk\AutoCAD 2027\acdbmgd.dll [C:\Users\szant\Documents\Development\Cabinet_bilder_scripts\App.AutoCadScripts.Tests\App.AutoCadScripts.Tests.csproj]
C:\Program Files\dotnet\sdk\10.0.102\Microsoft.Common.CurrentVersion.targets(2437,5): warning MSB3277:           Project file item includes which caused reference "C:\Program Files\Autodesk\AutoCAD 2027\acdbmgd.dll". [C:\Users\szant\Documents\Development\Cabinet_bilder_scripts\App.AutoCadScripts.Tests\App.AutoCadScripts.Tests.csproj]
C:\Program Files\dotnet\sdk\10.0.102\Microsoft.Common.CurrentVersion.targets(2437,5): warning MSB3277:             acdbmgd [C:\Users\szant\Documents\Development\Cabinet_bilder_scripts\App.AutoCadScripts.Tests\App.AutoCadScripts.Tests.csproj]
C:\Program Files\dotnet\sdk\10.0.102\Microsoft.Common.CurrentVersion.targets(2437,5): warning MSB3277:             C:\Users\szant\Documents\Development\Cabinet_bilder_scripts\App.AutoCadScripts\bin\Debug\net10.0\App.AutoCadScripts.dll [C:\Users\szant\Documents\Development\Cabinet_bilder_scripts\App.AutoCadScripts.Tests\App.AutoCadScripts.Tests.csproj]
C:\Program Files\dotnet\sdk\10.0.102\Microsoft.Common.CurrentVersion.targets(2437,5): warning MSB3277:             accoremgd [C:\Users\szant\Documents\Development\Cabinet_bilder_scripts\App.AutoCadScripts.Tests\App.AutoCadScripts.Tests.csproj]
C:\Program Files\dotnet\sdk\10.0.102\Microsoft.Common.CurrentVersion.targets(2437,5): warning MSB3277:             acmgd [C:\Users\szant\Documents\Development\Cabinet_bilder_scripts\App.AutoCadScripts.Tests\App.AutoCadScripts.Tests.csproj]
C:\Program Files\dotnet\sdk\10.0.102\Microsoft.Common.CurrentVersion.targets(2437,5): warning MSB3277:         C:\Program Files\Autodesk\AutoCAD 2027\accoremgd.dll [C:\Users\szant\Documents\Development\Cabinet_bilder_scripts\App.AutoCadScripts.Tests\App.AutoCadScripts.Tests.csproj]
C:\Program Files\dotnet\sdk\10.0.102\Microsoft.Common.CurrentVersion.targets(2437,5): warning MSB3277:           Project file item includes which caused reference "C:\Program Files\Autodesk\AutoCAD 2027\accoremgd.dll". [C:\Users\szant\Documents\Development\Cabinet_bilder_scripts\App.AutoCadScripts.Tests\App.AutoCadScripts.Tests.csproj]
C:\Program Files\dotnet\sdk\10.0.102\Microsoft.Common.CurrentVersion.targets(2437,5): warning MSB3277:             accoremgd [C:\Users\szant\Documents\Development\Cabinet_bilder_scripts\App.AutoCadScripts.Tests\App.AutoCadScripts.Tests.csproj]
C:\Program Files\dotnet\sdk\10.0.102\Microsoft.Common.CurrentVersion.targets(2437,5): warning MSB3277:             C:\Users\szant\Documents\Development\Cabinet_bilder_scripts\App.AutoCadScripts\bin\Debug\net10.0\App.AutoCadScripts.dll [C:\Users\szant\Documents\Development\Cabinet_bilder_scripts\App.AutoCadScripts.Tests\App.AutoCadScripts.Tests.csproj]
C:\Program Files\dotnet\sdk\10.0.102\Microsoft.Common.CurrentVersion.targets(2437,5): warning MSB3277:             acmgd [C:\Users\szant\Documents\Development\Cabinet_bilder_scripts\App.AutoCadScripts.Tests\App.AutoCadScripts.Tests.csproj]
C:\Program Files\dotnet\sdk\10.0.102\Microsoft.Common.CurrentVersion.targets(2437,5): warning MSB3277:         C:\Program Files\Autodesk\AutoCAD 2027\acmgd.dll [C:\Users\szant\Documents\Development\Cabinet_bilder_scripts\App.AutoCadScripts.Tests\App.AutoCadScripts.Tests.csproj]
C:\Program Files\dotnet\sdk\10.0.102\Microsoft.Common.CurrentVersion.targets(2437,5): warning MSB3277:           Project file item includes which caused reference "C:\Program Files\Autodesk\AutoCAD 2027\acmgd.dll". [C:\Users\szant\Documents\Development\Cabinet_bilder_scripts\App.AutoCadScripts.Tests\App.AutoCadScripts.Tests.csproj]
C:\Program Files\dotnet\sdk\10.0.102\Microsoft.Common.CurrentVersion.targets(2437,5): warning MSB3277:             acmgd [C:\Users\szant\Documents\Development\Cabinet_bilder_scripts\App.AutoCadScripts.Tests\App.AutoCadScripts.Tests.csproj]
C:\Program Files\dotnet\sdk\10.0.102\Microsoft.Common.CurrentVersion.targets(2437,5): warning MSB3277:             C:\Users\szant\Documents\Development\Cabinet_bilder_scripts\App.AutoCadScripts\bin\Debug\net10.0\App.AutoCadScripts.dll [C:\Users\szant\Documents\Development\Cabinet_bilder_scripts\App.AutoCadScripts.Tests\App.AutoCadScripts.Tests.csproj]
C:\Program Files\dotnet\sdk\10.0.102\Microsoft.Common.CurrentVersion.targets(2437,5): warning MSB3277:         C:\Program Files\Autodesk\AutoCAD 2027\DesktopConnectorInterop.dll [C:\Users\szant\Documents\Development\Cabinet_bilder_scripts\App.AutoCadScripts.Tests\App.AutoCadScripts.Tests.csproj]
C:\Program Files\dotnet\sdk\10.0.102\Microsoft.Common.CurrentVersion.targets(2437,5): warning MSB3277:           Project file item includes which caused reference "C:\Program Files\Autodesk\AutoCAD 2027\DesktopConnectorInterop.dll". [C:\Users\szant\Documents\Development\Cabinet_bilder_scripts\App.AutoCadScripts.Tests\App.AutoCadScripts.Tests.csproj]
C:\Program Files\dotnet\sdk\10.0.102\Microsoft.Common.CurrentVersion.targets(2437,5): warning MSB3277:             acdbmgd [C:\Users\szant\Documents\Development\Cabinet_bilder_scripts\App.AutoCadScripts.Tests\App.AutoCadScripts.Tests.csproj]
C:\Program Files\dotnet\sdk\10.0.102\Microsoft.Common.CurrentVersion.targets(2437,5): warning MSB3277:             C:\Users\szant\Documents\Development\Cabinet_bilder_scripts\App.AutoCadScripts\bin\Debug\net10.0\App.AutoCadScripts.dll [C:\Users\szant\Documents\Development\Cabinet_bilder_scripts\App.AutoCadScripts.Tests\App.AutoCadScripts.Tests.csproj]
C:\Program Files\dotnet\sdk\10.0.102\Microsoft.Common.CurrentVersion.targets(2437,5): warning MSB3277:             accoremgd [C:\Users\szant\Documents\Development\Cabinet_bilder_scripts\App.AutoCadScripts.Tests\App.AutoCadScripts.Tests.csproj]
C:\Program Files\dotnet\sdk\10.0.102\Microsoft.Common.CurrentVersion.targets(2437,5): warning MSB3277:             acmgd [C:\Users\szant\Documents\Development\Cabinet_bilder_scripts\App.AutoCadScripts.Tests\App.AutoCadScripts.Tests.csproj]
C:\Program Files\dotnet\sdk\10.0.102\Microsoft.Common.CurrentVersion.targets(2437,5): warning MSB3277:         C:\Program Files\Autodesk\AutoCAD 2027\AdUiPalettes.dll [C:\Users\szant\Documents\Development\Cabinet_bilder_scripts\App.AutoCadScripts.Tests\App.AutoCadScripts.Tests.csproj]
C:\Program Files\dotnet\sdk\10.0.102\Microsoft.Common.CurrentVersion.targets(2437,5): warning MSB3277:           Project file item includes which caused reference "C:\Program Files\Autodesk\AutoCAD 2027\AdUiPalettes.dll". [C:\Users\szant\Documents\Development\Cabinet_bilder_scripts\App.AutoCadScripts.Tests\App.AutoCadScripts.Tests.csproj]
C:\Program Files\dotnet\sdk\10.0.102\Microsoft.Common.CurrentVersion.targets(2437,5): warning MSB3277:             acmgd [C:\Users\szant\Documents\Development\Cabinet_bilder_scripts\App.AutoCadScripts.Tests\App.AutoCadScripts.Tests.csproj]
C:\Program Files\dotnet\sdk\10.0.102\Microsoft.Common.CurrentVersion.targets(2437,5): warning MSB3277:             C:\Users\szant\Documents\Development\Cabinet_bilder_scripts\App.AutoCadScripts\bin\Debug\net10.0\App.AutoCadScripts.dll [C:\Users\szant\Documents\Development\Cabinet_bilder_scripts\App.AutoCadScripts.Tests\App.AutoCadScripts.Tests.csproj]
C:\Program Files\dotnet\sdk\10.0.102\Microsoft.Common.CurrentVersion.targets(2437,5): warning MSB3277:         C:\Program Files\Autodesk\AutoCAD 2027\AdWindows.dll [C:\Users\szant\Documents\Development\Cabinet_bilder_scripts\App.AutoCadScripts.Tests\App.AutoCadScripts.Tests.csproj]
C:\Program Files\dotnet\sdk\10.0.102\Microsoft.Common.CurrentVersion.targets(2437,5): warning MSB3277:           Project file item includes which caused reference "C:\Program Files\Autodesk\AutoCAD 2027\AdWindows.dll". [C:\Users\szant\Documents\Development\Cabinet_bilder_scripts\App.AutoCadScripts.Tests\App.AutoCadScripts.Tests.csproj]
C:\Program Files\dotnet\sdk\10.0.102\Microsoft.Common.CurrentVersion.targets(2437,5): warning MSB3277:             acmgd [C:\Users\szant\Documents\Development\Cabinet_bilder_scripts\App.AutoCadScripts.Tests\App.AutoCadScripts.Tests.csproj]
C:\Program Files\dotnet\sdk\10.0.102\Microsoft.Common.CurrentVersion.targets(2437,5): warning MSB3277:             C:\Users\szant\Documents\Development\Cabinet_bilder_scripts\App.AutoCadScripts\bin\Debug\net10.0\App.AutoCadScripts.dll [C:\Users\szant\Documents\Development\Cabinet_bilder_scripts\App.AutoCadScripts.Tests\App.AutoCadScripts.Tests.csproj]
C:\Program Files\dotnet\sdk\10.0.102\Microsoft.Common.CurrentVersion.targets(2437,5): warning MSB3277:         C:\Program Files\Autodesk\AutoCAD 2027\AcCustomize.dll [C:\Users\szant\Documents\Development\Cabinet_bilder_scripts\App.AutoCadScripts.Tests\App.AutoCadScripts.Tests.csproj]
C:\Program Files\dotnet\sdk\10.0.102\Microsoft.Common.CurrentVersion.targets(2437,5): warning MSB3277:           Project file item includes which caused reference "C:\Program Files\Autodesk\AutoCAD 2027\AcCustomize.dll". [C:\Users\szant\Documents\Development\Cabinet_bilder_scripts\App.AutoCadScripts.Tests\App.AutoCadScripts.Tests.csproj]
C:\Program Files\dotnet\sdk\10.0.102\Microsoft.Common.CurrentVersion.targets(2437,5): warning MSB3277:             acmgd [C:\Users\szant\Documents\Development\Cabinet_bilder_scripts\App.AutoCadScripts.Tests\App.AutoCadScripts.Tests.csproj]
C:\Program Files\dotnet\sdk\10.0.102\Microsoft.Common.CurrentVersion.targets(2437,5): warning MSB3277:             C:\Users\szant\Documents\Development\Cabinet_bilder_scripts\App.AutoCadScripts\bin\Debug\net10.0\App.AutoCadScripts.dll [C:\Users\szant\Documents\Development\Cabinet_bilder_scripts\App.AutoCadScripts.Tests\App.AutoCadScripts.Tests.csproj]
C:\Program Files\dotnet\sdk\10.0.102\Microsoft.Common.CurrentVersion.targets(2437,5): warning MSB3277:         C:\Program Files\Autodesk\AutoCAD 2027\AcWindows.dll [C:\Users\szant\Documents\Development\Cabinet_bilder_scripts\App.AutoCadScripts.Tests\App.AutoCadScripts.Tests.csproj]
C:\Program Files\dotnet\sdk\10.0.102\Microsoft.Common.CurrentVersion.targets(2437,5): warning MSB3277:           Project file item includes which caused reference "C:\Program Files\Autodesk\AutoCAD 2027\AcWindows.dll". [C:\Users\szant\Documents\Development\Cabinet_bilder_scripts\App.AutoCadScripts.Tests\App.AutoCadScripts.Tests.csproj]
C:\Program Files\dotnet\sdk\10.0.102\Microsoft.Common.CurrentVersion.targets(2437,5): warning MSB3277:             acmgd [C:\Users\szant\Documents\Development\Cabinet_bilder_scripts\App.AutoCadScripts.Tests\App.AutoCadScripts.Tests.csproj]
C:\Program Files\dotnet\sdk\10.0.102\Microsoft.Common.CurrentVersion.targets(2437,5): warning MSB3277:             C:\Users\szant\Documents\Development\Cabinet_bilder_scripts\App.AutoCadScripts\bin\Debug\net10.0\App.AutoCadScripts.dll [C:\Users\szant\Documents\Development\Cabinet_bilder_scripts\App.AutoCadScripts.Tests\App.AutoCadScripts.Tests.csproj]
C:\Program Files\dotnet\sdk\10.0.102\Microsoft.Common.CurrentVersion.targets(2437,5): warning MSB3277:         C:\Program Files\Autodesk\AutoCAD 2027\AdUIMgd.dll [C:\Users\szant\Documents\Development\Cabinet_bilder_scripts\App.AutoCadScripts.Tests\App.AutoCadScripts.Tests.csproj]
C:\Program Files\dotnet\sdk\10.0.102\Microsoft.Common.CurrentVersion.targets(2437,5): warning MSB3277:           Project file item includes which caused reference "C:\Program Files\Autodesk\AutoCAD 2027\AdUIMgd.dll". [C:\Users\szant\Documents\Development\Cabinet_bilder_scripts\App.AutoCadScripts.Tests\App.AutoCadScripts.Tests.csproj]
C:\Program Files\dotnet\sdk\10.0.102\Microsoft.Common.CurrentVersion.targets(2437,5): warning MSB3277:             acmgd [C:\Users\szant\Documents\Development\Cabinet_bilder_scripts\App.AutoCadScripts.Tests\App.AutoCadScripts.Tests.csproj]
C:\Program Files\dotnet\sdk\10.0.102\Microsoft.Common.CurrentVersion.targets(2437,5): warning MSB3277:             C:\Users\szant\Documents\Development\Cabinet_bilder_scripts\App.AutoCadScripts\bin\Debug\net10.0\App.AutoCadScripts.dll [C:\Users\szant\Documents\Development\Cabinet_bilder_scripts\App.AutoCadScripts.Tests\App.AutoCadScripts.Tests.csproj]
C:\Program Files\dotnet\sdk\10.0.102\Microsoft.Common.CurrentVersion.targets(2437,5): warning MSB3277:         C:\Program Files\Autodesk\AutoCAD 2027\AcTcMgd.dll [C:\Users\szant\Documents\Development\Cabinet_bilder_scripts\App.AutoCadScripts.Tests\App.AutoCadScripts.Tests.csproj]
C:\Program Files\dotnet\sdk\10.0.102\Microsoft.Common.CurrentVersion.targets(2437,5): warning MSB3277:           Project file item includes which caused reference "C:\Program Files\Autodesk\AutoCAD 2027\AcTcMgd.dll". [C:\Users\szant\Documents\Development\Cabinet_bilder_scripts\App.AutoCadScripts.Tests\App.AutoCadScripts.Tests.csproj]
C:\Program Files\dotnet\sdk\10.0.102\Microsoft.Common.CurrentVersion.targets(2437,5): warning MSB3277:             acmgd [C:\Users\szant\Documents\Development\Cabinet_bilder_scripts\App.AutoCadScripts.Tests\App.AutoCadScripts.Tests.csproj]
C:\Program Files\dotnet\sdk\10.0.102\Microsoft.Common.CurrentVersion.targets(2437,5): warning MSB3277:             C:\Users\szant\Documents\Development\Cabinet_bilder_scripts\App.AutoCadScripts\bin\Debug\net10.0\App.AutoCadScripts.dll [C:\Users\szant\Documents\Development\Cabinet_bilder_scripts\App.AutoCadScripts.Tests\App.AutoCadScripts.Tests.csproj]
C:\Program Files\dotnet\sdk\10.0.102\Microsoft.Common.CurrentVersion.targets(2437,5): warning MSB3277:         C:\Program Files\Autodesk\AutoCAD 2027\AcMNUParser.dll [C:\Users\szant\Documents\Development\Cabinet_bilder_scripts\App.AutoCadScripts.Tests\App.AutoCadScripts.Tests.csproj]
C:\Program Files\dotnet\sdk\10.0.102\Microsoft.Common.CurrentVersion.targets(2437,5): warning MSB3277:           Project file item includes which caused reference "C:\Program Files\Autodesk\AutoCAD 2027\AcMNUParser.dll". [C:\Users\szant\Documents\Development\Cabinet_bilder_scripts\App.AutoCadScripts.Tests\App.AutoCadScripts.Tests.csproj]
C:\Program Files\dotnet\sdk\10.0.102\Microsoft.Common.CurrentVersion.targets(2437,5): warning MSB3277:             acmgd [C:\Users\szant\Documents\Development\Cabinet_bilder_scripts\App.AutoCadScripts.Tests\App.AutoCadScripts.Tests.csproj]
C:\Program Files\dotnet\sdk\10.0.102\Microsoft.Common.CurrentVersion.targets(2437,5): warning MSB3277:             C:\Users\szant\Documents\Development\Cabinet_bilder_scripts\App.AutoCadScripts\bin\Debug\net10.0\App.AutoCadScripts.dll [C:\Users\szant\Documents\Development\Cabinet_bilder_scripts\App.AutoCadScripts.Tests\App.AutoCadScripts.Tests.csproj]
  App.AutoCadScripts.Tests -> C:\Users\szant\Documents\Development\Cabinet_bilder_scripts\App.AutoCadScripts.Tests\bin\Debug\net10.0\App.AutoCadScripts.Tests.dll
Test run for C:\Users\szant\Documents\Development\Cabinet_bilder_scripts\App.AutoCadScripts.Tests\bin\Debug\net10.0\App.AutoCadScripts.Tests.dll (.NETCoreApp,Version=v10.0)
VSTest version 18.0.1 (x64)

Starting test execution, please wait...
A total of 1 test files matched the specified pattern.
  Failed Execute_ShouldGenerateCorrectFrontMatter_WithDynamicProperties [11 ms]
  Error Message:
   Assert.IsTrue failed. 
  Stack Trace:
     at App.AutoCadScripts.Tests.Application.CreateFrontMatterFromBlockUseCaseTests.Execute_ShouldGenerateCorrectFrontMatter_WithDynamicProperties() in C:\Users\szant\Documents\Development\Cabinet_bilder_scripts\App.AutoCadScripts.Tests\Application\CreateFrontMatterFromBlockUseCaseTests.cs:line 60
   at System.Reflection.MethodBaseInvoker.InterpretedInvoke_Method(Object obj, IntPtr* args)
   at System.Reflection.MethodBaseInvoker.InvokeWithNoArgs(Object obj, BindingFlags invokeAttr)


Failed!  - Failed:     1, Passed:    26, Skipped:     0, Total:    27, Duration: 68 ms - App.AutoCadScripts.Tests.dll (net10.0)
